Archive member included because of file (symbol)

c:/freescale/kds_v3/toolchain/bin/../lib/gcc/arm-none-eabi/4.8.4/armv6-m\libgcc.a(_udivsi3.o)
                              ./Project_Settings/Startup_Code/system_MKL25Z4.o (__aeabi_uidiv)
c:/freescale/kds_v3/toolchain/bin/../lib/gcc/arm-none-eabi/4.8.4/armv6-m\libgcc.a(_divsi3.o)
                              ./Sources/data.o (__aeabi_idiv)
c:/freescale/kds_v3/toolchain/bin/../lib/gcc/arm-none-eabi/4.8.4/armv6-m\libgcc.a(_dvmd_tls.o)
                              c:/freescale/kds_v3/toolchain/bin/../lib/gcc/arm-none-eabi/4.8.4/armv6-m\libgcc.a(_udivsi3.o) (__aeabi_idiv0)
c:/freescale/kds_v3/toolchain/bin/../lib/gcc/arm-none-eabi/4.8.4/../../../../arm-none-eabi/lib/armv6-m\libg_s.a(lib_a-calloc.o)
                              ./Sources/binary_logger.o (calloc)
c:/freescale/kds_v3/toolchain/bin/../lib/gcc/arm-none-eabi/4.8.4/../../../../arm-none-eabi/lib/armv6-m\libg_s.a(lib_a-exit.o)
                              c:/freescale/kds_v3/toolchain/bin/../lib/gcc/arm-none-eabi/4.8.4/../../../../arm-none-eabi/lib/armv6-m/crt0.o (exit)
c:/freescale/kds_v3/toolchain/bin/../lib/gcc/arm-none-eabi/4.8.4/../../../../arm-none-eabi/lib/armv6-m\libg_s.a(lib_a-impure.o)
                              c:/freescale/kds_v3/toolchain/bin/../lib/gcc/arm-none-eabi/4.8.4/../../../../arm-none-eabi/lib/armv6-m\libg_s.a(lib_a-exit.o) (_global_impure_ptr)
c:/freescale/kds_v3/toolchain/bin/../lib/gcc/arm-none-eabi/4.8.4/../../../../arm-none-eabi/lib/armv6-m\libg_s.a(lib_a-init.o)
                              c:/freescale/kds_v3/toolchain/bin/../lib/gcc/arm-none-eabi/4.8.4/../../../../arm-none-eabi/lib/armv6-m/crt0.o (__libc_init_array)
c:/freescale/kds_v3/toolchain/bin/../lib/gcc/arm-none-eabi/4.8.4/../../../../arm-none-eabi/lib/armv6-m\libg_s.a(lib_a-malloc.o)
                              ./Sources/binary_logger.o (free)
c:/freescale/kds_v3/toolchain/bin/../lib/gcc/arm-none-eabi/4.8.4/../../../../arm-none-eabi/lib/armv6-m\libg_s.a(lib_a-memcpy-stub.o)
                              ./Sources/main.o (memcpy)
c:/freescale/kds_v3/toolchain/bin/../lib/gcc/arm-none-eabi/4.8.4/../../../../arm-none-eabi/lib/armv6-m\libg_s.a(lib_a-memset.o)
                              c:/freescale/kds_v3/toolchain/bin/../lib/gcc/arm-none-eabi/4.8.4/../../../../arm-none-eabi/lib/armv6-m/crt0.o (memset)
c:/freescale/kds_v3/toolchain/bin/../lib/gcc/arm-none-eabi/4.8.4/../../../../arm-none-eabi/lib/armv6-m\libg_s.a(lib_a-nano-callocr.o)
                              c:/freescale/kds_v3/toolchain/bin/../lib/gcc/arm-none-eabi/4.8.4/../../../../arm-none-eabi/lib/armv6-m\libg_s.a(lib_a-calloc.o) (_calloc_r)
c:/freescale/kds_v3/toolchain/bin/../lib/gcc/arm-none-eabi/4.8.4/../../../../arm-none-eabi/lib/armv6-m\libg_s.a(lib_a-nano-freer.o)
                              c:/freescale/kds_v3/toolchain/bin/../lib/gcc/arm-none-eabi/4.8.4/../../../../arm-none-eabi/lib/armv6-m\libg_s.a(lib_a-malloc.o) (_free_r)
c:/freescale/kds_v3/toolchain/bin/../lib/gcc/arm-none-eabi/4.8.4/../../../../arm-none-eabi/lib/armv6-m\libg_s.a(lib_a-nano-mallocr.o)
                              c:/freescale/kds_v3/toolchain/bin/../lib/gcc/arm-none-eabi/4.8.4/../../../../arm-none-eabi/lib/armv6-m\libg_s.a(lib_a-malloc.o) (_malloc_r)
c:/freescale/kds_v3/toolchain/bin/../lib/gcc/arm-none-eabi/4.8.4/../../../../arm-none-eabi/lib/armv6-m\libg_s.a(lib_a-printf.o)
                              ./Sources/data.o (printf)
c:/freescale/kds_v3/toolchain/bin/../lib/gcc/arm-none-eabi/4.8.4/../../../../arm-none-eabi/lib/armv6-m\libg_s.a(lib_a-putchar.o)
                              ./Sources/data.o (putchar)
c:/freescale/kds_v3/toolchain/bin/../lib/gcc/arm-none-eabi/4.8.4/../../../../arm-none-eabi/lib/armv6-m\libg_s.a(lib_a-sbrkr.o)
                              c:/freescale/kds_v3/toolchain/bin/../lib/gcc/arm-none-eabi/4.8.4/../../../../arm-none-eabi/lib/armv6-m\libg_s.a(lib_a-nano-mallocr.o) (_sbrk_r)
c:/freescale/kds_v3/toolchain/bin/../lib/gcc/arm-none-eabi/4.8.4/../../../../arm-none-eabi/lib/armv6-m\libg_s.a(lib_a-vfprintf.o)
                              c:/freescale/kds_v3/toolchain/bin/../lib/gcc/arm-none-eabi/4.8.4/../../../../arm-none-eabi/lib/armv6-m\libg_s.a(lib_a-printf.o) (_vfprintf_r)
c:/freescale/kds_v3/toolchain/bin/../lib/gcc/arm-none-eabi/4.8.4/../../../../arm-none-eabi/lib/armv6-m\libg_s.a(lib_a-vfprintf_i.o)
                              c:/freescale/kds_v3/toolchain/bin/../lib/gcc/arm-none-eabi/4.8.4/../../../../arm-none-eabi/lib/armv6-m\libg_s.a(lib_a-vfprintf.o) (_printf_i)
c:/freescale/kds_v3/toolchain/bin/../lib/gcc/arm-none-eabi/4.8.4/../../../../arm-none-eabi/lib/armv6-m\libg_s.a(lib_a-wbuf.o)
                              c:/freescale/kds_v3/toolchain/bin/../lib/gcc/arm-none-eabi/4.8.4/../../../../arm-none-eabi/lib/armv6-m\libg_s.a(lib_a-vfprintf.o) (__swbuf_r)
c:/freescale/kds_v3/toolchain/bin/../lib/gcc/arm-none-eabi/4.8.4/../../../../arm-none-eabi/lib/armv6-m\libg_s.a(lib_a-wsetup.o)
[...]
Memory Configuration

Name             Origin             Length             Attributes
m_interrupts     0x00000000         0x00000100         xr
m_flash_config   0x00000400         0x00000010         xr
m_text           0x00000410         0x0001fbf0         xr
m_data           0x1ffff000         0x00004000         rw
*default*        0x00000000         0xffffffff

Linker script and memory map

LOAD c:/freescale/kds_v3/toolchain/bin/../lib/gcc/arm-none-eabi/4.8.4/armv6-m/crti.o
LOAD c:/freescale/kds_v3/toolchain/bin/../lib/gcc/arm-none-eabi/4.8.4/armv6-m/crtbegin.o
LOAD c:/freescale/kds_v3/toolchain/bin/../lib/gcc/arm-none-eabi/4.8.4/../../../../arm-none-eabi/lib/armv6-m/crt0.o
LOAD ./Sources/binary_logger.o
LOAD ./Sources/circbuff.o
LOAD ./Sources/data.o
LOAD ./Sources/logger.o
LOAD ./Sources/main.o
LOAD ./Sources/memory.o
LOAD ./Sources/uart_init.o
LOAD ./Project_Settings/Startup_Code/startup_MKL25Z4.o
LOAD ./Project_Settings/Startup_Code/system_MKL25Z4.o
LOAD c:/freescale/kds_v3/toolchain/bin/../lib/gcc/arm-none-eabi/4.8.4/../../../../arm-none-eabi/lib/armv6-m\libstdc++_s.a
LOAD c:/freescale/kds_v3/toolchain/bin/../lib/gcc/arm-none-eabi/4.8.4/../../../../arm-none-eabi/lib/armv6-m\libm.a
START GROUP
LOAD c:/freescale/kds_v3/toolchain/bin/../lib/gcc/arm-none-eabi/4.8.4/armv6-m\libgcc.a
LOAD c:/freescale/kds_v3/toolchain/bin/../lib/gcc/arm-none-eabi/4.8.4/../../../../arm-none-eabi/lib/armv6-m\libg_s.a
LOAD c:/freescale/kds_v3/toolchain/bin/../lib/gcc/arm-none-eabi/4.8.4/../../../../arm-none-eabi/lib/armv6-m\libc_s.a
END GROUP
START GROUP
LOAD c:/freescale/kds_v3/toolchain/bin/../lib/gcc/arm-none-eabi/4.8.4/armv6-m\libgcc.a
LOAD c:/freescale/kds_v3/toolchain/bin/../lib/gcc/arm-none-eabi/4.8.4/../../../../arm-none-eabi/lib/armv6-m\libc_s.a
LOAD c:/freescale/kds_v3/toolchain/bin/../lib/gcc/arm-none-eabi/4.8.4/../../../../arm-none-eabi/lib/armv6-m\libnosys.a
END GROUP
START GROUP
LOAD c:/freescale/kds_v3/toolchain/bin/../lib/gcc/arm-none-eabi/4.8.4/armv6-m\libgcc.a
LOAD c:/freescale/kds_v3/toolchain/bin/../lib/gcc/arm-none-eabi/4.8.4/../../../../arm-none-eabi/lib/armv6-m\libc_s.a
LOAD c:/freescale/kds_v3/toolchain/bin/../lib/gcc/arm-none-eabi/4.8.4/../../../../arm-none-eabi/lib/armv6-m\libnosys.a
END GROUP
LOAD c:/freescale/kds_v3/toolchain/bin/../lib/gcc/arm-none-eabi/4.8.4/armv6-m/crtend.o
LOAD c:/freescale/kds_v3/toolchain/bin/../lib/gcc/arm-none-eabi/4.8.4/armv6-m/crtn.o
                0x00000400                HEAP_SIZE = DEFINED (__heap_size__)?__heap_size__:0x400
                0x00000400                STACK_SIZE = DEFINED (__stack_size__)?__stack_size__:0x400

.interrupts     0x00000000       0xc0
                0x00000000                __VECTOR_TABLE = .
                0x00000000                . = ALIGN (0x4)
 *(.isr_vector)
 .isr_vector    0x00000000       0xc0 ./Project_Settings/Startup_Code/startup_MKL25Z4.o
                0x00000000                __isr_vector
                0x000000c0                . = ALIGN (0x4)

.flash_config   0x00000400       0x10
                0x00000400                . = ALIGN (0x4)
 *(.FlashConfig)
 .FlashConfig   0x00000400       0x10 ./Project_Settings/Startup_Code/startup_MKL25Z4.o
                0x00000410                . = ALIGN (0x4)

.text           0x00000410     0x12e4
                0x00000410                . = ALIGN (0x4)
 *(.text)
 .text          0x00000410       0x60 c:/freescale/kds_v3/toolchain/bin/../lib/gcc/arm-none-eabi/4.8.4/armv6-m/crtbegin.o
 .text          0x00000470       0x78 c:/freescale/kds_v3/toolchain/bin/../lib/gcc/arm-none-eabi/4.8.4/../../../../arm-none-eabi/lib/armv6-m/crt0.o
                0x00000470                _start
                0x00000470                _mainCRTStartup
 .text          0x000004e8       0x34 ./Project_Settings/Startup_Code/startup_MKL25Z4.o
                0x000004e8                Reset_Handler
                0x00000514                HardFault_Handler
                0x00000514                SysTick_Handler
                0x00000514                PendSV_Handler
                0x00000514                NMI_Handler
                0x00000514                I2C1_IRQHandler
                0x00000514                UART1_IRQHandler
                0x00000514                DMA2_IRQHandler
                0x00000514                TPM0_IRQHandler
                0x00000514                LLWU_IRQHandler
                0x00000514                TSI0_IRQHandler
                0x00000514                ADC0_IRQHandler
                0x00000514                Reserved39_IRQHandler
                0x00000514                SPI1_IRQHandler
                0x00000514                DefaultISR
                0x00000514                PORTD_IRQHandler
                0x00000514                TPM2_IRQHandler
                0x00000514                RTC_IRQHandler
                0x00000514                I2C0_IRQHandler
                0x00000514                RTC_Seconds_IRQHandler
                0x00000514                MCG_IRQHandler
                0x00000514                UART2_IRQHandler
                0x00000514                Reserved20_IRQHandler
                0x00000514                USB0_IRQHandler
                0x00000514                PIT_IRQHandler
                0x00000514                SVC_Handler
                0x00000514                DMA3_IRQHandler
                0x00000514                DMA0_IRQHandler
                0x00000514                DAC0_IRQHandler
                0x00000514                Reserved45_IRQHandler
                0x00000514                TPM1_IRQHandler
                0x00000514                LVD_LVW_IRQHandler
                0x00000514                SPI0_IRQHandler
                0x00000514                PORTA_IRQHandler
                0x00000514                FTFA_IRQHandler
                0x00000514                LPTMR0_IRQHandler
                0x00000514                CMP0_IRQHandler
                0x00000514                DMA1_IRQHandler
 .text          0x0000051c       0xc0 c:/freescale/kds_v3/toolchain/bin/../lib/gcc/arm-none-eabi/4.8.4/armv6-m\libgcc.a(_divsi3.o)
                0x0000051c                __divsi3
                0x0000051c                __aeabi_idiv
                0x000005c8                __aeabi_idivmod
 .text          0x000005dc        0x4 c:/freescale/kds_v3/toolchain/bin/../lib/gcc/arm-none-eabi/4.8.4/armv6-m\libgcc.a(_dvmd_tls.o)
                0x000005dc                __aeabi_idiv0
                0x000005dc                __aeabi_ldiv0
 *(.text*)
 .text.create_log_item
                0x000005e0       0x1c ./Sources/binary_logger.o
                0x000005e0                create_log_item
 .text.log_item
                0x000005fc       0xa8 ./Sources/binary_logger.o
                0x000005fc                log_item
 .text.destroy_log_item
                0x000006a4       0x1c ./Sources/binary_logger.o
                0x000006a4                destroy_log_item
 .text.cbuffer_add
                0x000006c0       0xcc ./Sources/circbuff.o
                0x000006c0                cbuffer_add
 .text.cbuffer_remove
                0x0000078c       0x9c ./Sources/circbuff.o
                0x0000078c                cbuffer_remove
 .text.cbuffer_memoryAllocate
                0x00000828       0x28 ./Sources/circbuff.o
                0x00000828                cbuffer_memoryAllocate
 .text.cbuffer_init
                0x00000850       0x24 ./Sources/circbuff.o
                0x00000850                cbuffer_init
 .text.my_itoa  0x00000874      0x10c ./Sources/data.o
                0x00000874                my_itoa
 .text.stringLength
                0x00000980       0x3c ./Sources/data.o
                0x00000980                stringLength
 .text.log_data
                0x000009bc       0x44 ./Sources/logger.o
                0x000009bc                log_data
 .text.log_flush
                0x00000a00       0x38 ./Sources/logger.o
                0x00000a00                log_flush
 .text.log_string
                0x00000a38       0x74 ./Sources/logger.o
                0x00000a38                log_string
 .text.log_integer
                0x00000aac       0xb4 ./Sources/logger.o
                0x00000aac                log_integer
 .text.analyse_data
                0x00000b60      0x2ac ./Sources/main.o
                0x00000b60                analyse_data
 .text.UART0_IRQHandler
                0x00000e0c       0xfc ./Sources/main.o
                0x00000e0c                UART0_IRQHandler
 .text.main     0x00000f08      0x218 ./Sources/main.o
                0x00000f08                main
 .text.my_reverse
                0x00001120       0x70 ./Sources/memory.o
                0x00001120                my_reverse
 .text.UART_initialize
                0x00001190       0xc4 ./Sources/uart_init.o
                0x00001190                UART_initialize
 .text.LEDS_initialize
                0x00001254       0x48 ./Sources/uart_init.o
                0x00001254                LEDS_initialize
 .text.LED_set  0x0000129c       0x34 ./Sources/uart_init.o
                0x0000129c                LED_set
 .text.UART_send_byte
                0x000012d0       0x44 ./Sources/uart_init.o
                0x000012d0                UART_send_byte
 .text.UART_receive_byte
                0x00001314       0x74 ./Sources/uart_init.o
                0x00001314                UART_receive_byte
 .text.SystemInit
                0x00001388       0x18 ./Project_Settings/Startup_Code/system_MKL25Z4.o
                0x00001388                SystemInit
 .text.calloc   0x000013a0       0x18 c:/freescale/kds_v3/toolchain/bin/../lib/gcc/arm-none-eabi/4.8.4/../../../../arm-none-eabi/lib/armv6-m\libg_s.a(lib_a-calloc.o)
                0x000013a0                calloc
 .text.exit     0x000013b8       0x2c c:/freescale/kds_v3/toolchain/bin/../lib/gcc/arm-none-eabi/4.8.4/../../../../arm-none-eabi/lib/armv6-m\libg_s.a(lib_a-exit.o)
                0x000013b8                exit
 .text.__libc_init_array
                0x000013e4       0x4c c:/freescale/kds_v3/toolchain/bin/../lib/gcc/arm-none-eabi/4.8.4/../../../../arm-none-eabi/lib/armv6-m\libg_s.a(lib_a-init.o)
                0x000013e4                __libc_init_array
 .text.free     0x00001430       0x14 c:/freescale/kds_v3/toolchain/bin/../lib/gcc/arm-none-eabi/4.8.4/../../../../arm-none-eabi/lib/armv6-m\libg_s.a(lib_a-malloc.o)
                0x00001430                free
 .text.memcpy   0x00001444       0x12 c:/freescale/kds_v3/toolchain/bin/../lib/gcc/arm-none-eabi/4.8.4/../../../../arm-none-eabi/lib/armv6-m\libg_s.a(lib_a-memcpy-stub.o)
                0x00001444                memcpy
 .text.memset   0x00001456       0x10 c:/freescale/kds_v3/toolchain/bin/../lib/gcc/arm-none-eabi/4.8.4/../../../../arm-none-eabi/lib/armv6-m\libg_s.a(lib_a-memset.o)
                0x00001456                memset
 .text._calloc_r
                0x00001466       0x1c c:/freescale/kds_v3/toolchain/bin/../lib/gcc/arm-none-eabi/4.8.4/../../../../arm-none-eabi/lib/armv6-m\libg_s.a(lib_a-nano-callocr.o)
                0x00001466                _calloc_r
 *fill*         0x00001482        0x2 
 .text._free_r  0x00001484       0x90 c:/freescale/kds_v3/toolchain/bin/../lib/gcc/arm-none-eabi/4.8.4/../../../../arm-none-eabi/lib/armv6-m\libg_s.a(lib_a-nano-freer.o)
                0x00001484                _free_r
 .text._malloc_r
                0x00001514       0xa8 c:/freescale/kds_v3/toolchain/bin/../lib/gcc/arm-none-eabi/4.8.4/../../../../arm-none-eabi/lib/armv6-m\libg_s.a(lib_a-nano-mallocr.o)
                0x00001514                _malloc_r
 .text._sbrk_r  0x000015bc       0x24 c:/freescale/kds_v3/toolchain/bin/../lib/gcc/arm-none-eabi/4.8.4/../../../../arm-none-eabi/lib/armv6-m\libg_s.a(lib_a-sbrkr.o)
                0x000015bc                _sbrk_r
 .text._sbrk    0x000015e0       0x34 c:/freescale/kds_v3/toolchain/bin/../lib/gcc/arm-none-eabi/4.8.4/../../../../arm-none-eabi/lib/armv6-m\libnosys.a(sbrk.o)
                0x000015e0                _sbrk
 .text._exit    0x00001614        0x4 c:/freescale/kds_v3/toolchain/bin/../lib/gcc/arm-none-eabi/4.8.4/../../../../arm-none-eabi/lib/armv6-m\libnosys.a(_exit.o)
                0x00001614                _exit
 *(.rodata)
 .rodata        0x00001618       0x5c ./Sources/main.o
 *(.rodata*)
 .rodata.str1.1
                0x00001674        0x2 c:/freescale/kds_v3/toolchain/bin/../lib/gcc/arm-none-eabi/4.8.4/../../../../arm-none-eabi/lib/armv6-m\libg_s.a(lib_a-impure.o)
 *fill*         0x00001676        0x2 
 .rodata._global_impure_ptr
                0x00001678        0x4 c:/freescale/kds_v3/toolchain/bin/../lib/gcc/arm-none-eabi/4.8.4/../../../../arm-none-eabi/lib/armv6-m\libg_s.a(lib_a-impure.o)
                0x00001678                _global_impure_ptr
 .rodata.__sf_fake_stdin
                0x0000167c       0x20 c:/freescale/kds_v3/toolchain/bin/../lib/gcc/arm-none-eabi/4.8.4/../../../../arm-none-eabi/lib/armv6-m\libg_s.a(lib_a-findfp.o)
                0x0000167c                __sf_fake_stdin
 .rodata.__sf_fake_stdout
                0x0000169c       0x20 c:/freescale/kds_v3/toolchain/bin/../lib/gcc/arm-none-eabi/4.8.4/../../../../arm-none-eabi/lib/armv6-m\libg_s.a(lib_a-findfp.o)
                0x0000169c                __sf_fake_stdout
 .rodata.__sf_fake_stderr
                0x000016bc       0x20 c:/freescale/kds_v3/toolchain/bin/../lib/gcc/arm-none-eabi/4.8.4/../../../../arm-none-eabi/lib/armv6-m\libg_s.a(lib_a-findfp.o)
                0x000016bc                __sf_fake_stderr
 *(.glue_7)
 .glue_7        0x00000000        0x0 linker stubs
 *(.glue_7t)
 .glue_7t       0x00000000        0x0 linker stubs
 *(.eh_frame)
 .eh_frame      0x000016dc        0x0 c:/freescale/kds_v3/toolchain/bin/../lib/gcc/arm-none-eabi/4.8.4/armv6-m/crtbegin.o
 *(.init)
 .init          0x000016dc        0x4 c:/freescale/kds_v3/toolchain/bin/../lib/gcc/arm-none-eabi/4.8.4/armv6-m/crti.o
                0x000016dc                _init
 .init          0x000016e0        0x8 c:/freescale/kds_v3/toolchain/bin/../lib/gcc/arm-none-eabi/4.8.4/armv6-m/crtn.o
 *(.fini)
 .fini          0x000016e8        0x4 c:/freescale/kds_v3/toolchain/bin/../lib/gcc/arm-none-eabi/4.8.4/armv6-m/crti.o
                0x000016e8                _fini
 .fini          0x000016ec        0x8 c:/freescale/kds_v3/toolchain/bin/../lib/gcc/arm-none-eabi/4.8.4/armv6-m/crtn.o
                0x000016f4                . = ALIGN (0x4)

.vfp11_veneer   0x000016f4        0x0
 .vfp11_veneer  0x00000000        0x0 linker stubs

.v4_bx          0x000016f4        0x0
 .v4_bx         0x00000000        0x0 linker stubs

.iplt           0x000016f4        0x0
 .iplt          0x00000000        0x0 c:/freescale/kds_v3/toolchain/bin/../lib/gcc/arm-none-eabi/4.8.4/armv6-m/crtbegin.o

.ARM.extab
 *(.ARM.extab* .gnu.linkonce.armextab.*)

.ARM            0x000016f4        0x8
                0x000016f4                __exidx_start = .
 *(.ARM.exidx*)
 .ARM.exidx     0x000016f4        0x8 c:/freescale/kds_v3/toolchain/bin/../lib/gcc/arm-none-eabi/4.8.4/../../../../arm-none-eabi/lib/armv6-m/crt0.o
                0x000016fc                __exidx_end = .

.rel.dyn        0x000016fc        0x0
 .rel.iplt      0x00000000        0x0 c:/freescale/kds_v3/toolchain/bin/../lib/gcc/arm-none-eabi/4.8.4/armv6-m/crtbegin.o

.ctors          0x000016fc        0x0
                0x000016fc                __CTOR_LIST__ = .
 *crtbegin.o(.ctors)
 *crtbegin?.o(.ctors)
 *(EXCLUDE_FILE(*crtend.o *crtend?.o) .ctors)
 *(SORT(.ctors.*))
 *(.ctors)
                0x000016fc                __CTOR_END__ = .

.dtors          0x000016fc        0x0
                0x000016fc                __DTOR_LIST__ = .
 *crtbegin.o(.dtors)
 *crtbegin?.o(.dtors)
 *(EXCLUDE_FILE(*crtend.o *crtend?.o) .dtors)
 *(SORT(.dtors.*))
 *(.dtors)
                0x000016fc                __DTOR_END__ = .

.preinit_array  0x000016fc        0x0
                0x000016fc                PROVIDE (__preinit_array_start, .)
 *(.preinit_array*)
                0x000016fc                PROVIDE (__preinit_array_end, .)

.init_array     0x000016fc        0x4
                0x000016fc                PROVIDE (__init_array_start, .)
 *(SORT(.init_array.*))
 *(.init_array*)
 .init_array    0x000016fc        0x4 c:/freescale/kds_v3/toolchain/bin/../lib/gcc/arm-none-eabi/4.8.4/armv6-m/crtbegin.o
                0x00001700                PROVIDE (__init_array_end, .)

.fini_array     0x00001700        0x4
                0x00001700                PROVIDE (__fini_array_start, .)
 *(SORT(.fini_array.*))
 *(.fini_array*)
 .fini_array    0x00001700        0x4 c:/freescale/kds_v3/toolchain/bin/../lib/gcc/arm-none-eabi/4.8.4/armv6-m/crtbegin.o
                0x00001704                PROVIDE (__fini_array_end, .)
                0x00001704                __etext = .
                0x00001704                __DATA_ROM = .

.mtb            0x1ffff000        0x0
                0x1ffff000                . = ALIGN (0x8)
                0x1ffff000                _mtb_start = .
 *(.mtb_buf)
                0x1ffff000                . = ALIGN (0x8)
                0x1ffff000                _mtb_end = .

.data           0x1ffff000       0x98 load address 0x00001704
                0x1ffff000                . = ALIGN (0x4)
                0x1ffff000                __DATA_RAM = .
                0x1ffff000                __data_start__ = .
 *(.data)
 *(.data*)
 .data.string   0x1ffff000        0xc ./Sources/binary_logger.o
                0x1ffff000                string
 .data.string2  0x1ffff00c        0xc ./Sources/binary_logger.o
                0x1ffff00c                string2
 .data.length_TXbuff
                0x1ffff018        0x1 ./Sources/main.o
                0x1ffff018                length_TXbuff
 .data.length_RXbuff
                0x1ffff019        0x1 ./Sources/main.o
                0x1ffff019                length_RXbuff
 *fill*         0x1ffff01a        0x2 
 .data.warningString
                0x1ffff01c       0x14 ./Sources/main.o
                0x1ffff01c                warningString
 .data.impure_data
                0x1ffff030       0x60 c:/freescale/kds_v3/toolchain/bin/../lib/gcc/arm-none-eabi/4.8.4/../../../../arm-none-eabi/lib/armv6-m\libg_s.a(lib_a-impure.o)
 .data._impure_ptr
                0x1ffff090        0x4 c:/freescale/kds_v3/toolchain/bin/../lib/gcc/arm-none-eabi/4.8.4/../../../../arm-none-eabi/lib/armv6-m\libg_s.a(lib_a-impure.o)
                0x1ffff090                _impure_ptr
 *(.jcr*)
 .jcr           0x1ffff094        0x0 c:/freescale/kds_v3/toolchain/bin/../lib/gcc/arm-none-eabi/4.8.4/armv6-m/crtbegin.o
 .jcr           0x1ffff094        0x4 c:/freescale/kds_v3/toolchain/bin/../lib/gcc/arm-none-eabi/4.8.4/armv6-m/crtend.o
                0x1ffff098                . = ALIGN (0x4)
                0x1ffff098                __data_end__ = .
                0x0000179c                __DATA_END = (__DATA_ROM + (__data_end__ - __data_start__))

.igot.plt       0x1ffff098        0x0 load address 0x0000179c
 .igot.plt      0x00000000        0x0 c:/freescale/kds_v3/toolchain/bin/../lib/gcc/arm-none-eabi/4.8.4/armv6-m/crtbegin.o

.bss            0x1ffff098       0x4c load address 0x0000179c
                0x1ffff098                . = ALIGN (0x4)
                0x1ffff098                __START_BSS = .
                0x1ffff098                __bss_start__ = .
 *(.bss)
 .bss           0x1ffff098       0x1c c:/freescale/kds_v3/toolchain/bin/../lib/gcc/arm-none-eabi/4.8.4/armv6-m/crtbegin.o
 *(.bss*)
 .bss.alphabetCount
                0x1ffff0b4        0x2 ./Sources/main.o
                0x1ffff0b4                alphabetCount
 .bss.numericCount
                0x1ffff0b6        0x2 ./Sources/main.o
                0x1ffff0b6                numericCount
 .bss.punctuationCount
                0x1ffff0b8        0x2 ./Sources/main.o
                0x1ffff0b8                punctuationCount
 .bss.miscCount
                0x1ffff0ba        0x2 ./Sources/main.o
                0x1ffff0ba                miscCount
 .bss.recievedDataCount
                0x1ffff0bc        0x1 ./Sources/main.o
                0x1ffff0bc                recievedDataCount
 .bss.analyse   0x1ffff0bd        0x1 ./Sources/main.o
                0x1ffff0bd                analyse
 *fill*         0x1ffff0be        0x2 
 .bss.__malloc_sbrk_start
                0x1ffff0c0        0x4 c:/freescale/kds_v3/toolchain/bin/../lib/gcc/arm-none-eabi/4.8.4/../../../../arm-none-eabi/lib/armv6-m\libg_s.a(lib_a-nano-mallocr.o)
                0x1ffff0c0                __malloc_sbrk_start
 .bss.__malloc_free_list
                0x1ffff0c4        0x4 c:/freescale/kds_v3/toolchain/bin/../lib/gcc/arm-none-eabi/4.8.4/../../../../arm-none-eabi/lib/armv6-m\libg_s.a(lib_a-nano-mallocr.o)
                0x1ffff0c4                __malloc_free_list
 .bss.heap_end.4246
                0x1ffff0c8        0x4 c:/freescale/kds_v3/toolchain/bin/../lib/gcc/arm-none-eabi/4.8.4/../../../../arm-none-eabi/lib/armv6-m\libnosys.a(sbrk.o)
 *(COMMON)
 COMMON         0x1ffff0cc       0x10 ./Sources/binary_logger.o
                0x1ffff0cc                system_log
                0x1ffff0d0                CircBuffR
                0x1ffff0d4                length_buff
                0x1ffff0d8                CircBuffT
 COMMON         0x1ffff0dc        0x1 ./Sources/main.o
                0x1ffff0dc                recieved_data
 *fill*         0x1ffff0dd        0x3 
 COMMON         0x1ffff0e0        0x4 c:/freescale/kds_v3/toolchain/bin/../lib/gcc/arm-none-eabi/4.8.4/../../../../arm-none-eabi/lib/armv6-m\libg_s.a(lib_a-reent.o)
                0x1ffff0e0                errno
                0x1ffff0e4                . = ALIGN (0x4)
                0x1ffff0e4                __bss_end__ = .
                0x1ffff0e4                __END_BSS = .

.heap           0x1ffff0e4      0x404 load address 0x000017e8
                0x1ffff0e8                . = ALIGN (0x8)
 *fill*         0x1ffff0e4        0x4 
                0x1ffff0e8                __end__ = .
                0x1ffff0e8                PROVIDE (end, .)
                0x1ffff0e8                __HeapBase = .
                0x1ffff4e8                . = (. + HEAP_SIZE)
 *fill*         0x1ffff0e8      0x400 
                0x1ffff4e8                __HeapLimit = .

.stack          0x1ffff4e8      0x400 load address 0x00001bec
                0x1ffff4e8                . = ALIGN (0x8)
                0x1ffff8e8                . = (. + STACK_SIZE)
 *fill*         0x1ffff4e8      0x400 
                0x20003000                __StackTop = (ORIGIN (m_data) + 0x4000)
                0x20002c00                __StackLimit = (__StackTop - STACK_SIZE)
                0x20003000                PROVIDE (__stack, __StackTop)

.ARM.attributes
                0x00000000       0x28
 *(.ARM.attributes)
 .ARM.attributes
                0x00000000       0x1e c:/freescale/kds_v3/toolchain/bin/../lib/gcc/arm-none-eabi/4.8.4/armv6-m/crti.o
 .ARM.attributes
                0x0000001e       0x2c c:/freescale/kds_v3/toolchain/bin/../lib/gcc/arm-none-eabi/4.8.4/armv6-m/crtbegin.o
 .ARM.attributes
                0x0000004a       0x1b c:/freescale/kds_v3/toolchain/bin/../lib/gcc/arm-none-eabi/4.8.4/../../../../arm-none-eabi/lib/armv6-m/crt0.o
 .ARM.attributes
                0x00000065       0x32 ./Sources/binary_logger.o
 .ARM.attributes
                0x00000097       0x32 ./Sources/circbuff.o
 .ARM.attributes
                0x000000c9       0x32 ./Sources/data.o
 .ARM.attributes
                0x000000fb       0x32 ./Sources/logger.o
 .ARM.attributes
                0x0000012d       0x32 ./Sources/main.o
 .ARM.attributes
                0x0000015f       0x32 ./Sources/memory.o
 .ARM.attributes
                0x00000191       0x32 ./Sources/uart_init.o
 .ARM.attributes
                0x000001c3       0x1b ./Project_Settings/Startup_Code/startup_MKL25Z4.o
 .ARM.attributes
                0x000001de       0x32 ./Project_Settings/Startup_Code/system_MKL25Z4.o
 .ARM.attributes
                0x00000210       0x1e c:/freescale/kds_v3/toolchain/bin/../lib/gcc/arm-none-eabi/4.8.4/armv6-m\libgcc.a(_divsi3.o)
 .ARM.attributes
                0x0000022e       0x1e c:/freescale/kds_v3/toolchain/bin/../lib/gcc/arm-none-eabi/4.8.4/armv6-m\libgcc.a(_dvmd_tls.o)
 .ARM.attributes
                0x0000024c       0x2c c:/freescale/kds_v3/toolchain/bin/../lib/gcc/arm-none-eabi/4.8.4/../../../../arm-none-eabi/lib/armv6-m\libg_s.a(lib_a-calloc.o)
 .ARM.attributes
                0x00000278       0x2c c:/freescale/kds_v3/toolchain/bin/../lib/gcc/arm-none-eabi/4.8.4/../../../../arm-none-eabi/lib/armv6-m\libg_s.a(lib_a-exit.o)
 .ARM.attributes
                0x000002a4       0x2c c:/freescale/kds_v3/toolchain/bin/../lib/gcc/arm-none-eabi/4.8.4/../../../../arm-none-eabi/lib/armv6-m\libg_s.a(lib_a-impure.o)
 .ARM.attributes
                0x000002d0       0x2c c:/freescale/kds_v3/toolchain/bin/../lib/gcc/arm-none-eabi/4.8.4/../../../../arm-none-eabi/lib/armv6-m\libg_s.a(lib_a-init.o)
 .ARM.attributes
                0x000002fc       0x2c c:/freescale/kds_v3/toolchain/bin/../lib/gcc/arm-none-eabi/4.8.4/../../../../arm-none-eabi/lib/armv6-m\libg_s.a(lib_a-malloc.o)
 .ARM.attributes
                0x00000328       0x2c c:/freescale/kds_v3/toolchain/bin/../lib/gcc/arm-none-eabi/4.8.4/../../../../arm-none-eabi/lib/armv6-m\libg_s.a(lib_a-memcpy-stub.o)
 .ARM.attributes
                0x00000354       0x2c c:/freescale/kds_v3/toolchain/bin/../lib/gcc/arm-none-eabi/4.8.4/../../../../arm-none-eabi/lib/armv6-m\libg_s.a(lib_a-memset.o)
 .ARM.attributes
                0x00000380       0x2c c:/freescale/kds_v3/toolchain/bin/../lib/gcc/arm-none-eabi/4.8.4/../../../../arm-none-eabi/lib/armv6-m\libg_s.a(lib_a-nano-callocr.o)
 .ARM.attributes
                0x000003ac       0x2c c:/freescale/kds_v3/toolchain/bin/../lib/gcc/arm-none-eabi/4.8.4/../../../../arm-none-eabi/lib/armv6-m\libg_s.a(lib_a-nano-freer.o)
 .ARM.attributes
                0x000003d8       0x2c c:/freescale/kds_v3/toolchain/bin/../lib/gcc/arm-none-eabi/4.8.4/../../../../arm-none-eabi/lib/armv6-m\libg_s.a(lib_a-nano-mallocr.o)
 .ARM.attributes
                0x00000404       0x2c c:/freescale/kds_v3/toolchain/bin/../lib/gcc/arm-none-eabi/4.8.4/../../../../arm-none-eabi/lib/armv6-m\libg_s.a(lib_a-sbrkr.o)
 .ARM.attributes
                0x00000430       0x2c c:/freescale/kds_v3/toolchain/bin/../lib/gcc/arm-none-eabi/4.8.4/../../../../arm-none-eabi/lib/armv6-m\libg_s.a(lib_a-findfp.o)
 .ARM.attributes
                0x0000045c       0x2c c:/freescale/kds_v3/toolchain/bin/../lib/gcc/arm-none-eabi/4.8.4/../../../../arm-none-eabi/lib/armv6-m\libg_s.a(lib_a-reent.o)
 .ARM.attributes
                0x00000488       0x2c c:/freescale/kds_v3/toolchain/bin/../lib/gcc/arm-none-eabi/4.8.4/../../../../arm-none-eabi/lib/armv6-m\libnosys.a(sbrk.o)
 .ARM.attributes
                0x000004b4       0x2c c:/freescale/kds_v3/toolchain/bin/../lib/gcc/arm-none-eabi/4.8.4/../../../../arm-none-eabi/lib/armv6-m\libnosys.a(_exit.o)
 .ARM.attributes
                0x000004e0       0x2c c:/freescale/kds_v3/toolchain/bin/../lib/gcc/arm-none-eabi/4.8.4/armv6-m/crtend.o
 .ARM.attributes
                0x0000050c       0x1e c:/freescale/kds_v3/toolchain/bin/../lib/gcc/arm-none-eabi/4.8.4/armv6-m/crtn.o
                0x00000001                ASSERT ((__StackLimit >= __HeapLimit), region m_data overflowed with stack and heap)
OUTPUT(project2.elf elf32-littlearm)

.debug_info     0x00000000     0x229f
 .debug_info    0x00000000      0x2ca ./Sources/binary_logger.o
 .debug_info    0x000002ca      0x416 ./Sources/circbuff.o
 .debug_info    0x000006e0      0x2f1 ./Sources/data.o
 .debug_info    0x000009d1      0x4ef ./Sources/logger.o
 .debug_info    0x00000ec0      0x55c ./Sources/main.o
 .debug_info    0x0000141c      0x247 ./Sources/memory.o
 .debug_info    0x00001663      0x7ce ./Sources/uart_init.o
 .debug_info    0x00001e31       0x81 ./Project_Settings/Startup_Code/startup_MKL25Z4.o
 .debug_info    0x00001eb2      0x3ed ./Project_Settings/Startup_Code/system_MKL25Z4.o

.debug_abbrev   0x00000000      0x928
 .debug_abbrev  0x00000000      0x106 ./Sources/binary_logger.o
 .debug_abbrev  0x00000106      0x11c ./Sources/circbuff.o
 .debug_abbrev  0x00000222       0xe9 ./Sources/data.o
 .debug_abbrev  0x0000030b      0x12b ./Sources/logger.o
 .debug_abbrev  0x00000436      0x15f ./Sources/main.o
 .debug_abbrev  0x00000595       0xcd ./Sources/memory.o
 .debug_abbrev  0x00000662      0x1a9 ./Sources/uart_init.o
 .debug_abbrev  0x0000080b       0x14 ./Project_Settings/Startup_Code/startup_MKL25Z4.o
 .debug_abbrev  0x0000081f      0x109 ./Project_Settings/Startup_Code/system_MKL25Z4.o

.debug_aranges  0x00000000      0x218
 .debug_aranges
                0x00000000       0x30 ./Sources/binary_logger.o
 .debug_aranges
                0x00000030       0x58 ./Sources/circbuff.o
 .debug_aranges
                0x00000088       0x48 ./Sources/data.o
 .debug_aranges
                0x000000d0       0x50 ./Sources/logger.o
 .debug_aranges
                0x00000120       0x30 ./Sources/main.o
 .debug_aranges
                0x00000150       0x38 ./Sources/memory.o
 .debug_aranges
                0x00000188       0x48 ./Sources/uart_init.o
 .debug_aranges
                0x000001d0       0x20 ./Project_Settings/Startup_Code/startup_MKL25Z4.o
 .debug_aranges
                0x000001f0       0x28 ./Project_Settings/Startup_Code/system_MKL25Z4.o

.debug_ranges   0x00000000      0x178
 .debug_ranges  0x00000000       0x20 ./Sources/binary_logger.o
 .debug_ranges  0x00000020       0x48 ./Sources/circbuff.o
 .debug_ranges  0x00000068       0x38 ./Sources/data.o
 .debug_ranges  0x000000a0       0x40 ./Sources/logger.o
 .debug_ranges  0x000000e0       0x20 ./Sources/main.o
 .debug_ranges  0x00000100       0x28 ./Sources/memory.o
 .debug_ranges  0x00000128       0x38 ./Sources/uart_init.o
 .debug_ranges  0x00000160       0x18 ./Project_Settings/Startup_Code/system_MKL25Z4.o

.debug_macro    0x00000000     0xa86c
 .debug_macro   0x00000000      0x194 ./Sources/binary_logger.o
 .debug_macro   0x00000194      0x802 ./Sources/binary_logger.o
 .debug_macro   0x00000996       0x58 ./Sources/binary_logger.o
 .debug_macro   0x000009ee       0x16 ./Sources/binary_logger.o
 .debug_macro   0x00000a04       0x35 ./Sources/binary_logger.o
 .debug_macro   0x00000a39       0xa3 ./Sources/binary_logger.o
 .debug_macro   0x00000adc       0x16 ./Sources/binary_logger.o
 .debug_macro   0x00000af2       0x97 ./Sources/binary_logger.o
 .debug_macro   0x00000b89       0x10 ./Sources/binary_logger.o
 .debug_macro   0x00000b99       0xef ./Sources/binary_logger.o
 .debug_macro   0x00000c88       0x4a ./Sources/binary_logger.o
 .debug_macro   0x00000cd2       0x52 ./Sources/binary_logger.o
 .debug_macro   0x00000d24       0x16 ./Sources/binary_logger.o
 .debug_macro   0x00000d3a       0x43 ./Sources/binary_logger.o
 .debug_macro   0x00000d7d      0x180 ./Sources/binary_logger.o
 .debug_macro   0x00000efd       0x10 ./Sources/binary_logger.o
 .debug_macro   0x00000f0d       0x22 ./Sources/binary_logger.o
 .debug_macro   0x00000f2f       0xbd ./Sources/binary_logger.o
 .debug_macro   0x00000fec       0x16 ./Sources/binary_logger.o
 .debug_macro   0x00001002      0x14a ./Sources/binary_logger.o
 .debug_macro   0x0000114c       0x16 ./Sources/binary_logger.o
 .debug_macro   0x00001162       0x35 ./Sources/binary_logger.o
 .debug_macro   0x00001197       0x22 ./Sources/binary_logger.o
 .debug_macro   0x000011b9      0x20f ./Sources/binary_logger.o
 .debug_macro   0x000013c8       0x16 ./Sources/binary_logger.o
 .debug_macro   0x000013de       0x10 ./Sources/binary_logger.o
 .debug_macro   0x000013ee       0x10 ./Sources/binary_logger.o
 .debug_macro   0x000013fe       0x4c ./Sources/binary_logger.o
 .debug_macro   0x0000144a       0x3a ./Sources/binary_logger.o
 .debug_macro   0x00001484       0x26 ./Sources/binary_logger.o
 .debug_macro   0x000014aa      0x306 ./Sources/binary_logger.o
 .debug_macro   0x000017b0       0x63 ./Sources/binary_logger.o
 .debug_macro   0x00001813     0x839f ./Sources/binary_logger.o
 .debug_macro   0x00009bb2      0x17a ./Sources/circbuff.o
 .debug_macro   0x00009d2c      0x10e ./Sources/circbuff.o
 .debug_macro   0x00009e3a       0x7f ./Sources/circbuff.o
 .debug_macro   0x00009eb9       0x1c ./Sources/circbuff.o
 .debug_macro   0x00009ed5      0x11e ./Sources/data.o
 .debug_macro   0x00009ff3      0x173 ./Sources/logger.o
 .debug_macro   0x0000a166      0x19a ./Sources/main.o
 .debug_macro   0x0000a300      0x108 ./Sources/memory.o
 .debug_macro   0x0000a408      0x189 ./Sources/uart_init.o
 .debug_macro   0x0000a591       0x10 ./Sources/uart_init.o
 .debug_macro   0x0000a5a1       0x44 ./Sources/uart_init.o
 .debug_macro   0x0000a5e5      0x209 ./Sources/uart_init.o
 .debug_macro   0x0000a7ee       0x7e ./Project_Settings/Startup_Code/system_MKL25Z4.o

.debug_line     0x00000000     0x19ab
 .debug_line    0x00000000      0x307 ./Sources/binary_logger.o
 .debug_line    0x00000307      0x385 ./Sources/circbuff.o
 .debug_line    0x0000068c      0x337 ./Sources/data.o
 .debug_line    0x000009c3      0x368 ./Sources/logger.o
 .debug_line    0x00000d2b      0x3b1 ./Sources/main.o
 .debug_line    0x000010dc      0x2dc ./Sources/memory.o
 .debug_line    0x000013b8      0x338 ./Sources/uart_init.o
 .debug_line    0x000016f0       0x7b ./Project_Settings/Startup_Code/startup_MKL25Z4.o
 .debug_line    0x0000176b      0x240 ./Project_Settings/Startup_Code/system_MKL25Z4.o

.debug_str      0x00000000    0x3433a
 .debug_str     0x00000000    0x33b1b ./Sources/binary_logger.o
                              0x33fcb (size before relaxing)
 .debug_str     0x00033b1b      0x1e8 ./Sources/circbuff.o
                              0x34122 (size before relaxing)
 .debug_str     0x00033d03      0x11e ./Sources/data.o
                               0x4eb8 (size before relaxing)
 .debug_str     0x00033e21       0x87 ./Sources/logger.o
                              0x34084 (size before relaxing)
 .debug_str     0x00033ea8      0x126 ./Sources/main.o
                              0x341a9 (size before relaxing)
 .debug_str     0x00033fce       0xb5 ./Sources/memory.o
                               0x4e40 (size before relaxing)
 .debug_str     0x00034083      0x22b ./Sources/uart_init.o
                              0x34205 (size before relaxing)
 .debug_str     0x000342ae       0x8c ./Project_Settings/Startup_Code/system_MKL25Z4.o
                              0x31eff (size before relaxing)

.comment        0x00000000       0x70
 .comment       0x00000000       0x70 ./Sources/binary_logger.o
                                 0x71 (size before relaxing)
 .comment       0x00000000       0x71 ./Sources/circbuff.o
 .comment       0x00000000       0x71 ./Sources/data.o
 .comment       0x00000000       0x71 ./Sources/logger.o
 .comment       0x00000000       0x71 ./Sources/main.o
 .comment       0x00000000       0x71 ./Sources/memory.o
 .comment       0x00000000       0x71 ./Sources/uart_init.o
 .comment       0x00000000       0x71 ./Project_Settings/Startup_Code/system_MKL25Z4.o

.debug_frame    0x00000000      0x904
 .debug_frame   0x00000000       0x70 ./Sources/binary_logger.o
 .debug_frame   0x00000070      0x110 ./Sources/circbuff.o
 .debug_frame   0x00000180       0xd0 ./Sources/data.o
 .debug_frame   0x00000250       0xfc ./Sources/logger.o
 .debug_frame   0x0000034c       0x70 ./Sources/main.o
 .debug_frame   0x000003bc       0x90 ./Sources/memory.o
 .debug_frame   0x0000044c       0xc8 ./Sources/uart_init.o
 .debug_frame   0x00000514       0x4c ./Project_Settings/Startup_Code/system_MKL25Z4.o
 .debug_frame   0x00000560       0x20 c:/freescale/kds_v3/toolchain/bin/../lib/gcc/arm-none-eabi/4.8.4/armv6-m\libgcc.a(_divsi3.o)
 .debug_frame   0x00000580       0x28 c:/freescale/kds_v3/toolchain/bin/../lib/gcc/arm-none-eabi/4.8.4/../../../../arm-none-eabi/lib/armv6-m\libg_s.a(lib_a-calloc.o)
 .debug_frame   0x000005a8       0x28 c:/freescale/kds_v3/toolchain/bin/../lib/gcc/arm-none-eabi/4.8.4/../../../../arm-none-eabi/lib/armv6-m\libg_s.a(lib_a-exit.o)
 .debug_frame   0x000005d0       0x2c c:/freescale/kds_v3/toolchain/bin/../lib/gcc/arm-none-eabi/4.8.4/../../../../arm-none-eabi/lib/armv6-m\libg_s.a(lib_a-init.o)
 .debug_frame   0x000005fc       0x40 c:/freescale/kds_v3/toolchain/bin/../lib/gcc/arm-none-eabi/4.8.4/../../../../arm-none-eabi/lib/armv6-m\libg_s.a(lib_a-malloc.o)
 .debug_frame   0x0000063c       0x28 c:/freescale/kds_v3/toolchain/bin/../lib/gcc/arm-none-eabi/4.8.4/../../../../arm-none-eabi/lib/armv6-m\libg_s.a(lib_a-memcpy-stub.o)
 .debug_frame   0x00000664       0x20 c:/freescale/kds_v3/toolchain/bin/../lib/gcc/arm-none-eabi/4.8.4/../../../../arm-none-eabi/lib/armv6-m\libg_s.a(lib_a-memset.o)
 .debug_frame   0x00000684       0x2c c:/freescale/kds_v3/toolchain/bin/../lib/gcc/arm-none-eabi/4.8.4/../../../../arm-none-eabi/lib/armv6-m\libg_s.a(lib_a-nano-callocr.o)
 .debug_frame   0x000006b0       0x2c c:/freescale/kds_v3/toolchain/bin/../lib/gcc/arm-none-eabi/4.8.4/../../../../arm-none-eabi/lib/armv6-m\libg_s.a(lib_a-nano-freer.o)
 .debug_frame   0x000006dc       0x2c c:/freescale/kds_v3/toolchain/bin/../lib/gcc/arm-none-eabi/4.8.4/../../../../arm-none-eabi/lib/armv6-m\libg_s.a(lib_a-nano-mallocr.o)
 .debug_frame   0x00000708       0x2c c:/freescale/kds_v3/toolchain/bin/../lib/gcc/arm-none-eabi/4.8.4/../../../../arm-none-eabi/lib/armv6-m\libg_s.a(lib_a-sbrkr.o)
 .debug_frame   0x00000734      0x148 c:/freescale/kds_v3/toolchain/bin/../lib/gcc/arm-none-eabi/4.8.4/../../../../arm-none-eabi/lib/armv6-m\libg_s.a(lib_a-findfp.o)
 .debug_frame   0x0000087c       0x48 c:/freescale/kds_v3/toolchain/bin/../lib/gcc/arm-none-eabi/4.8.4/../../../../arm-none-eabi/lib/armv6-m\libg_s.a(lib_a-reent.o)
 .debug_frame   0x000008c4       0x20 c:/freescale/kds_v3/toolchain/bin/../lib/gcc/arm-none-eabi/4.8.4/../../../../arm-none-eabi/lib/armv6-m\libnosys.a(sbrk.o)
 .debug_frame   0x000008e4       0x20 c:/freescale/kds_v3/toolchain/bin/../lib/gcc/arm-none-eabi/4.8.4/../../../../arm-none-eabi/lib/armv6-m\libnosys.a(_exit.o)

.stabstr        0x00000000      0x14d
 .stabstr       0x00000000      0x14d c:/freescale/kds_v3/toolchain/bin/../lib/gcc/arm-none-eabi/4.8.4/../../../../arm-none-eabi/lib/armv6-m\libnosys.a(close.o)
